// Jest Snapshot v1, https://goo.gl/fbAQLP

exports[`SchedsPage renders no group/scheds correctly 1`] = `
<div
  data-testid="authenticator"
>
   
  <div
    style="margin: 1rem auto; min-height: 100vh; text-align: center;"
  >
    <div
      class="MuiBox-root css-0"
    >
      <header
        class="MuiPaper-root MuiPaper-elevation MuiPaper-elevation0 MuiAppBar-root MuiAppBar-colorTransparent MuiAppBar-positionFixed mui-fixed css-1bzzxac-MuiPaper-root-MuiAppBar-root"
      >
        <div
          class="MuiToolbar-root MuiToolbar-gutters MuiToolbar-regular css-1ti0wu3-MuiToolbar-root"
        >
          <button
            aria-label="Open menu"
            class="MuiButtonBase-root MuiIconButton-root MuiIconButton-edgeStart MuiIconButton-sizeMedium css-1t7w49f-MuiButtonBase-root-MuiIconButton-root"
            tabindex="0"
            type="button"
          >
            <svg
              aria-hidden="true"
              class="MuiSvgIcon-root MuiSvgIcon-fontSizeMedium css-i4bv87-MuiSvgIcon-root"
              data-testid="MenuIcon"
              focusable="false"
              viewBox="0 0 24 24"
            >
              <path
                d="M3 18h18v-2H3v2zm0-5h18v-2H3v2zm0-7v2h18V6H3z"
              />
            </svg>
            <span
              class="MuiTouchRipple-root css-8je8zh-MuiTouchRipple-root"
            />
          </button>
          <a
            class="MuiTypography-root MuiTypography-inherit MuiLink-root MuiLink-underlineAlways css-14b5yu0-MuiTypography-root-MuiLink-root"
            href="/home"
          >
            <div
              class="MuiBox-root css-k008qs"
            >
              <img
                alt="Werner Digital"
                src="../images/wernerdigital-hosted.png"
                width="26"
              />
              <p
                class="MuiTypography-root MuiTypography-body1 css-4peds9-MuiTypography-root"
              >
                Scottschedule
              </p>
            </div>
          </a>
          <div
            class="MuiBox-root css-yukqif"
          >
            <a
              class="MuiTypography-root MuiTypography-inherit MuiLink-root MuiLink-underlineAlways css-14b5yu0-MuiTypography-root-MuiLink-root"
              href="/usermaint"
              style="margin-right: 1rem;"
            >
              <p
                class="MuiTypography-root MuiTypography-body1 css-ahj2mt-MuiTypography-root"
              >
                mockuname
              </p>
            </a>
            <button
              class="MuiButton-root MuiButton-outlined MuiButton-outlinedPrimary MuiButton-sizeMedium MuiButton-outlinedSizeMedium MuiButtonBase-root  css-1vbvugf-MuiButtonBase-root-MuiButton-root"
              tabindex="0"
              type="button"
            >
              Sign Out
              <span
                class="MuiTouchRipple-root css-8je8zh-MuiTouchRipple-root"
              />
            </button>
          </div>
          <button
            aria-label="Dark/light mode"
            class="MuiButtonBase-root MuiIconButton-root MuiIconButton-edgeStart MuiIconButton-sizeMedium css-1t7w49f-MuiButtonBase-root-MuiIconButton-root"
            tabindex="0"
            type="button"
          >
            <svg
              aria-hidden="true"
              class="MuiSvgIcon-root MuiSvgIcon-fontSizeMedium css-i4bv87-MuiSvgIcon-root"
              data-testid="LightModeIcon"
              focusable="false"
              viewBox="0 0 24 24"
            >
              <path
                d="M12 7c-2.76 0-5 2.24-5 5s2.24 5 5 5 5-2.24 5-5-2.24-5-5-5zM2 13h2c.55 0 1-.45 1-1s-.45-1-1-1H2c-.55 0-1 .45-1 1s.45 1 1 1zm18 0h2c.55 0 1-.45 1-1s-.45-1-1-1h-2c-.55 0-1 .45-1 1s.45 1 1 1zM11 2v2c0 .55.45 1 1 1s1-.45 1-1V2c0-.55-.45-1-1-1s-1 .45-1 1zm0 18v2c0 .55.45 1 1 1s1-.45 1-1v-2c0-.55-.45-1-1-1s-1 .45-1 1zM5.99 4.58c-.39-.39-1.03-.39-1.41 0-.39.39-.39 1.03 0 1.41l1.06 1.06c.39.39 1.03.39 1.41 0s.39-1.03 0-1.41L5.99 4.58zm12.37 12.37c-.39-.39-1.03-.39-1.41 0-.39.39-.39 1.03 0 1.41l1.06 1.06c.39.39 1.03.39 1.41 0 .39-.39.39-1.03 0-1.41l-1.06-1.06zm1.06-10.96c.39-.39.39-1.03 0-1.41-.39-.39-1.03-.39-1.41 0l-1.06 1.06c-.39.39-.39 1.03 0 1.41s1.03.39 1.41 0l1.06-1.06zM7.05 18.36c.39-.39.39-1.03 0-1.41-.39-.39-1.03-.39-1.41 0l-1.06 1.06c-.39.39-.39 1.03 0 1.41s1.03.39 1.41 0l1.06-1.06z"
              />
            </svg>
            <span
              class="MuiTouchRipple-root css-8je8zh-MuiTouchRipple-root"
            />
          </button>
        </div>
      </header>
      <div
        class="MuiDrawer-root MuiDrawer-docked css-7ik032-MuiDrawer-docked"
      >
        <div
          class="MuiPaper-root MuiPaper-elevation MuiPaper-elevation0 MuiDrawer-paper MuiDrawer-paperAnchorLeft MuiDrawer-paperAnchorDockedLeft css-1hrb81m-MuiPaper-root-MuiDrawer-paper"
          style="visibility: hidden; webkit-transform: translateX(-0px); transform: translateX(-0px);"
        >
          <div
            class="MuiBox-root css-1ecnymn"
          >
            <div
              class="MuiBox-root css-xwg089"
            >
              <h6
                class="MuiTypography-root MuiTypography-subtitle1 css-10wpov9-MuiTypography-root"
              >
                Main Menu
              </h6>
              <button
                aria-label="Close menu"
                class="MuiButtonBase-root MuiIconButton-root MuiIconButton-sizeMedium css-1drgtl0-MuiButtonBase-root-MuiIconButton-root"
                tabindex="0"
                type="button"
              >
                <svg
                  aria-hidden="true"
                  class="MuiSvgIcon-root MuiSvgIcon-fontSizeMedium css-i4bv87-MuiSvgIcon-root"
                  data-testid="ArrowDropUpIcon"
                  focusable="false"
                  viewBox="0 0 24 24"
                >
                  <path
                    d="m7 14 5-5 5 5z"
                  />
                </svg>
                <span
                  class="MuiTouchRipple-root css-8je8zh-MuiTouchRipple-root"
                />
              </button>
            </div>
          </div>
          <hr
            class="MuiDivider-root MuiDivider-fullWidth css-rr7dug-MuiDivider-root"
          />
          <ul
            class="MuiList-root MuiList-padding css-h4y409-MuiList-root"
          >
            <a
              class="MuiTypography-root MuiTypography-inherit MuiLink-root MuiLink-underlineAlways css-14b5yu0-MuiTypography-root-MuiLink-root"
              href="/home"
            >
              <div
                class="MuiButtonBase-root MuiListItem-root MuiListItem-gutters MuiListItem-padding MuiListItem-button css-ltlrkn-MuiButtonBase-root-MuiListItem-root"
                role="button"
                tabindex="0"
              >
                <div
                  class="MuiListItemIcon-root css-qklaqr-MuiListItemIcon-root"
                >
                  <svg
                    aria-hidden="true"
                    class="MuiSvgIcon-root MuiSvgIcon-fontSizeMedium css-i4bv87-MuiSvgIcon-root"
                    data-testid="HomeIcon"
                    focusable="false"
                    viewBox="0 0 24 24"
                  >
                    <path
                      d="M10 20v-6h4v6h5v-8h3L12 3 2 12h3v8z"
                    />
                  </svg>
                </div>
                <div
                  class="MuiListItemText-root css-tlelie-MuiListItemText-root"
                >
                  <span
                    class="MuiTypography-root MuiTypography-body1 MuiListItemText-primary css-10hburv-MuiTypography-root"
                  >
                    Home
                  </span>
                </div>
                <span
                  class="MuiTouchRipple-root css-8je8zh-MuiTouchRipple-root"
                />
              </div>
            </a>
            <a
              class="MuiTypography-root MuiTypography-inherit MuiLink-root MuiLink-underlineAlways css-14b5yu0-MuiTypography-root-MuiLink-root"
              href="/usermaint"
            >
              <div
                class="MuiButtonBase-root MuiListItem-root MuiListItem-gutters MuiListItem-padding MuiListItem-button css-ltlrkn-MuiButtonBase-root-MuiListItem-root"
                role="button"
                tabindex="0"
              >
                <div
                  class="MuiListItemIcon-root css-qklaqr-MuiListItemIcon-root"
                >
                  <svg
                    aria-hidden="true"
                    class="MuiSvgIcon-root MuiSvgIcon-fontSizeMedium css-i4bv87-MuiSvgIcon-root"
                    data-testid="StarIcon"
                    focusable="false"
                    viewBox="0 0 24 24"
                  >
                    <path
                      d="M12 17.27 18.18 21l-1.64-7.03L22 9.24l-7.19-.61L12 2 9.19 8.63 2 9.24l5.46 4.73L5.82 21z"
                    />
                  </svg>
                </div>
                <div
                  class="MuiListItemText-root css-tlelie-MuiListItemText-root"
                >
                  <span
                    class="MuiTypography-root MuiTypography-body1 MuiListItemText-primary css-10hburv-MuiTypography-root"
                  >
                    Account
                  </span>
                </div>
                <span
                  class="MuiTouchRipple-root css-8je8zh-MuiTouchRipple-root"
                />
              </div>
            </a>
            <a
              class="MuiTypography-root MuiTypography-inherit MuiLink-root MuiLink-underlineAlways css-14b5yu0-MuiTypography-root-MuiLink-root"
              href="/scheds"
            >
              <div
                class="MuiButtonBase-root MuiListItem-root MuiListItem-gutters MuiListItem-padding MuiListItem-button css-ltlrkn-MuiButtonBase-root-MuiListItem-root"
                role="button"
                tabindex="0"
              >
                <div
                  class="MuiListItemIcon-root css-qklaqr-MuiListItemIcon-root"
                >
                  <svg
                    aria-hidden="true"
                    class="MuiSvgIcon-root MuiSvgIcon-fontSizeMedium css-i4bv87-MuiSvgIcon-root"
                    data-testid="StarIcon"
                    focusable="false"
                    viewBox="0 0 24 24"
                  >
                    <path
                      d="M12 17.27 18.18 21l-1.64-7.03L22 9.24l-7.19-.61L12 2 9.19 8.63 2 9.24l5.46 4.73L5.82 21z"
                    />
                  </svg>
                </div>
                <div
                  class="MuiListItemText-root css-tlelie-MuiListItemText-root"
                >
                  <span
                    class="MuiTypography-root MuiTypography-body1 MuiListItemText-primary css-10hburv-MuiTypography-root"
                  >
                    Schedules
                  </span>
                </div>
                <span
                  class="MuiTouchRipple-root css-8je8zh-MuiTouchRipple-root"
                />
              </div>
            </a>
            <a
              class="MuiTypography-root MuiTypography-inherit MuiLink-root MuiLink-underlineAlways css-14b5yu0-MuiTypography-root-MuiLink-root"
              href="/events"
            >
              <div
                class="MuiButtonBase-root MuiListItem-root MuiListItem-gutters MuiListItem-padding MuiListItem-button css-ltlrkn-MuiButtonBase-root-MuiListItem-root"
                role="button"
                tabindex="0"
              >
                <div
                  class="MuiListItemIcon-root css-qklaqr-MuiListItemIcon-root"
                >
                  <svg
                    aria-hidden="true"
                    class="MuiSvgIcon-root MuiSvgIcon-fontSizeMedium css-i4bv87-MuiSvgIcon-root"
                    data-testid="StarIcon"
                    focusable="false"
                    viewBox="0 0 24 24"
                  >
                    <path
                      d="M12 17.27 18.18 21l-1.64-7.03L22 9.24l-7.19-.61L12 2 9.19 8.63 2 9.24l5.46 4.73L5.82 21z"
                    />
                  </svg>
                </div>
                <div
                  class="MuiListItemText-root css-tlelie-MuiListItemText-root"
                >
                  <span
                    class="MuiTypography-root MuiTypography-body1 MuiListItemText-primary css-10hburv-MuiTypography-root"
                  >
                    Events
                  </span>
                </div>
                <span
                  class="MuiTouchRipple-root css-8je8zh-MuiTouchRipple-root"
                />
              </div>
            </a>
            <a
              class="MuiTypography-root MuiTypography-inherit MuiLink-root MuiLink-underlineAlways css-14b5yu0-MuiTypography-root-MuiLink-root"
              href="/help"
            >
              <div
                class="MuiButtonBase-root MuiListItem-root MuiListItem-gutters MuiListItem-padding MuiListItem-button css-ltlrkn-MuiButtonBase-root-MuiListItem-root"
                role="button"
                tabindex="0"
              >
                <div
                  class="MuiListItemIcon-root css-qklaqr-MuiListItemIcon-root"
                >
                  <svg
                    aria-hidden="true"
                    class="MuiSvgIcon-root MuiSvgIcon-fontSizeMedium css-i4bv87-MuiSvgIcon-root"
                    data-testid="StarIcon"
                    focusable="false"
                    viewBox="0 0 24 24"
                  >
                    <path
                      d="M12 17.27 18.18 21l-1.64-7.03L22 9.24l-7.19-.61L12 2 9.19 8.63 2 9.24l5.46 4.73L5.82 21z"
                    />
                  </svg>
                </div>
                <div
                  class="MuiListItemText-root css-tlelie-MuiListItemText-root"
                >
                  <span
                    class="MuiTypography-root MuiTypography-body1 MuiListItemText-primary css-10hburv-MuiTypography-root"
                  >
                    Help
                  </span>
                </div>
                <span
                  class="MuiTouchRipple-root css-8je8zh-MuiTouchRipple-root"
                />
              </div>
            </a>
            <div
              class="MuiButtonBase-root MuiListItem-root MuiListItem-gutters MuiListItem-padding MuiListItem-button css-ltlrkn-MuiButtonBase-root-MuiListItem-root"
              role="button"
              tabindex="0"
            >
              <div
                class="MuiListItemIcon-root css-qklaqr-MuiListItemIcon-root"
              >
                <svg
                  aria-hidden="true"
                  class="MuiSvgIcon-root MuiSvgIcon-fontSizeMedium css-i4bv87-MuiSvgIcon-root"
                  data-testid="StarIcon"
                  focusable="false"
                  viewBox="0 0 24 24"
                >
                  <path
                    d="M12 17.27 18.18 21l-1.64-7.03L22 9.24l-7.19-.61L12 2 9.19 8.63 2 9.24l5.46 4.73L5.82 21z"
                  />
                </svg>
              </div>
              <div
                class="MuiListItemText-root css-tlelie-MuiListItemText-root"
              >
                <span
                  class="MuiTypography-root MuiTypography-body1 MuiListItemText-primary css-10hburv-MuiTypography-root"
                >
                  Logout
                </span>
              </div>
              <span
                class="MuiTouchRipple-root css-8je8zh-MuiTouchRipple-root"
              />
            </div>
          </ul>
        </div>
      </div>
    </div>
    <div
      class="MuiBox-root css-h8m1q6"
    >
      <main>
        <div
          data-testid="mainPageDisplay"
          style="text-align: left;"
        >
          <div
            class="MuiBox-root css-7kebnq"
          >
            <div
              style="float: left;"
            >
              <nav
                aria-label="Breadcrumb"
                class="MuiTypography-root MuiTypography-body1 MuiBreadcrumbs-root css-1kkz7jp-MuiTypography-root-MuiBreadcrumbs-root"
              >
                <ol
                  class="MuiBreadcrumbs-ol css-4pdmu4-MuiBreadcrumbs-ol"
                >
                  <li
                    class="MuiBreadcrumbs-li"
                  >
                    <a
                      class="MuiTypography-root MuiTypography-inherit MuiLink-root MuiLink-underlineAlways css-yddyga-MuiTypography-root-MuiLink-root"
                      href="/home"
                    >
                      Home
                    </a>
                  </li>
                  <li
                    aria-hidden="true"
                    class="MuiBreadcrumbs-separator css-1wuw8dw-MuiBreadcrumbs-separator"
                  >
                    &gt;
                  </li>
                  <li
                    class="MuiBreadcrumbs-li"
                  >
                    <span>
                      Schedules
                    </span>
                  </li>
                </ol>
              </nav>
            </div>
            <div>
              <a
                class="MuiTypography-root MuiTypography-inherit MuiLink-root MuiLink-underlineAlways css-yddyga-MuiTypography-root-MuiLink-root"
                href="/help/scheds"
              >
                Help
              </a>
            </div>
          </div>
          <div
            class="MuiBox-root css-7m4n47"
          >
            <div
              class="MuiBox-root css-0"
            >
              <div
                class="MuiPaper-root MuiPaper-elevation MuiPaper-rounded MuiPaper-elevation1 MuiCard-root css-1gyd2pn-MuiPaper-root-MuiCard-root"
                style="max-width: 432px; min-width: 394px; flex: 1 1; box-shadow: 5px 5px 12px #888888; border-radius: 0 0 5px 5px;"
              >
                <h6
                  class="MuiTypography-root MuiTypography-h6 css-1eaq3q5-MuiTypography-root"
                >
                  Schedule and Schedule Groups Editor
                </h6>
                <p
                  class="MuiTypography-root MuiTypography-body2 css-17f9bli-MuiTypography-root"
                >
                  Create and modify schedules, and organize them into groups
                </p>
                <div
                  class="MuiPaper-root MuiPaper-elevation MuiPaper-rounded MuiPaper-elevation0 MuiAccordion-root MuiAccordion-rounded Mui-expanded css-vrg8eu-MuiPaper-root-MuiAccordion-root"
                >
                  <div
                    aria-expanded="true"
                    class="MuiButtonBase-root MuiAccordionSummary-root Mui-expanded css-1ruslfs-MuiButtonBase-root-MuiAccordionSummary-root"
                    role="button"
                    tabindex="0"
                  >
                    <div
                      class="MuiAccordionSummary-content Mui-expanded css-1betqn-MuiAccordionSummary-content"
                    >
                      <div
                        class="MuiBox-root css-pvuze6"
                      >
                        Schedule Groups List (
                        0
                        )
                        <button
                          class="MuiButton-root MuiButton-outlined MuiButton-outlinedPrimary MuiButton-sizeMedium MuiButton-outlinedSizeMedium MuiButtonBase-root  css-1vbvugf-MuiButtonBase-root-MuiButton-root"
                          data-testid="create-group"
                          tabindex="0"
                          type="button"
                        >
                          New Group
                          <span
                            class="MuiTouchRipple-root css-8je8zh-MuiTouchRipple-root"
                          />
                        </button>
                      </div>
                    </div>
                    <div
                      class="MuiAccordionSummary-expandIconWrapper Mui-expanded css-19hn6xk-MuiAccordionSummary-expandIconWrapper"
                    >
                      <svg
                        aria-hidden="true"
                        class="MuiSvgIcon-root MuiSvgIcon-fontSizeMedium css-i4bv87-MuiSvgIcon-root"
                        data-testid="ExpandMoreIcon"
                        focusable="false"
                        viewBox="0 0 24 24"
                      >
                        <path
                          d="M16.59 8.59 12 13.17 7.41 8.59 6 10l6 6 6-6z"
                        />
                      </svg>
                    </div>
                  </div>
                  <div
                    class="MuiCollapse-root MuiCollapse-vertical MuiCollapse-entered css-pwcg7p-MuiCollapse-root"
                    style="min-height: 0px;"
                  >
                    <div
                      class="MuiCollapse-wrapper MuiCollapse-vertical css-smkl36-MuiCollapse-wrapper"
                    >
                      <div
                        class="MuiCollapse-wrapperInner MuiCollapse-vertical css-9l5vo-MuiCollapse-wrapperInner"
                      >
                        <div
                          class="MuiAccordion-region"
                          role="region"
                        >
                          <div
                            class="MuiAccordionDetails-root css-62cn81-MuiAccordionDetails-root"
                          >
                            <ul
                              class="MuiList-root MuiList-dense css-16vbaq4-MuiList-root"
                            />
                          </div>
                        </div>
                      </div>
                    </div>
                  </div>
                </div>
              </div>
            </div>
            <div
              class="MuiBox-root css-c98n24"
            >
              <div
                class="MuiPaper-root MuiPaper-elevation MuiPaper-rounded MuiPaper-elevation1 MuiCard-root css-1gyd2pn-MuiPaper-root-MuiCard-root"
                style="margin: 3px 0px 0px 0px; max-width: 350px; min-width: 350px; flex: 1 1; box-shadow: -5px 5px 12px #888888; border-radius: 0 0 5px 5px;"
              >
                <div
                  class="MuiBox-root css-0"
                >
                  <form>
                    <div
                      class="MuiBox-root css-2cmwy2"
                    >
                      <h6
                        class="MuiTypography-root MuiTypography-h6 css-2ulfj5-MuiTypography-root"
                      >
                        Add New Schedule Group
                      </h6>
                      <button
                        class="MuiButtonBase-root MuiIconButton-root MuiIconButton-sizeSmall css-8prnfn-MuiButtonBase-root-MuiIconButton-root"
                        tabindex="0"
                        type="button"
                      >
                        X
                        <span
                          class="MuiTouchRipple-root css-8je8zh-MuiTouchRipple-root"
                        />
                      </button>
                    </div>
                    <div
                      class="MuiBox-root css-o3707h"
                    >
                      <label>
                        Name 
                        <input
                          aria-invalid="false"
                          data-testid="nameInput"
                          name="name"
                          size="12"
                          type="text"
                        />
                      </label>
                    </div>
                    <div
                      class="MuiBox-root css-o3707h"
                    >
                      <label>
                         Description
                        <input
                          aria-invalid="false"
                          data-testid="descrInput"
                          name="descr"
                          size="30"
                          type="text"
                        />
                      </label>
                    </div>
                    <div
                      class="MuiBox-root css-1ol4ztf"
                    >
                      <button
                        class="MuiButton-root MuiButton-outlined MuiButton-outlinedPrimary MuiButton-sizeSmall MuiButton-outlinedSizeSmall MuiButtonBase-root Mui-disabled  css-1is3qj5-MuiButtonBase-root-MuiButton-root"
                        disabled=""
                        tabindex="-1"
                        type="button"
                      >
                        Reset
                      </button>
                      <button
                        class="MuiButton-root MuiButton-contained MuiButton-containedPrimary MuiButton-sizeSmall MuiButton-containedSizeSmall MuiButtonBase-root Mui-disabled  css-106f7v8-MuiButtonBase-root-MuiButton-root"
                        disabled=""
                        tabindex="-1"
                        type="submit"
                      >
                        Save
                      </button>
                    </div>
                  </form>
                </div>
              </div>
            </div>
            <div
              class="MuiBox-root css-c98n24"
            >
              <div
                class="MuiPaper-root MuiPaper-elevation MuiPaper-rounded MuiPaper-elevation1 MuiCard-root css-1gyd2pn-MuiPaper-root-MuiCard-root"
                style="margin: 3px 0px 0px 0px; max-width: 350px; min-width: 350px; flex: 1 1; box-shadow: -5px 5px 12px #888888; border-radius: 0 0 5px 5px;"
              >
                <div
                  class="MuiBox-root css-0"
                >
                  <form>
                    <div
                      class="MuiBox-root css-2cmwy2"
                    >
                      <h6
                        class="MuiTypography-root MuiTypography-h6 css-2ulfj5-MuiTypography-root"
                      >
                        Modify Group
                      </h6>
                      <button
                        class="MuiButtonBase-root MuiIconButton-root MuiIconButton-sizeSmall css-8prnfn-MuiButtonBase-root-MuiIconButton-root"
                        tabindex="0"
                        type="button"
                      >
                        X
                        <span
                          class="MuiTouchRipple-root css-8je8zh-MuiTouchRipple-root"
                        />
                      </button>
                    </div>
                    <div
                      class="MuiBox-root css-bqdthe"
                    >
                      
                      <button
                        class="MuiButtonBase-root MuiIconButton-root MuiIconButton-sizeSmall css-8prnfn-MuiButtonBase-root-MuiIconButton-root"
                        data-testid="no-del"
                        tabindex="0"
                        type="button"
                      >
                        <svg
                          aria-hidden="true"
                          class="MuiSvgIcon-root MuiSvgIcon-fontSizeMedium css-1vqgfli-MuiSvgIcon-root"
                          data-testid="DeleteForeverIcon"
                          focusable="false"
                          viewBox="0 0 24 24"
                        >
                          <path
                            d="M6 19c0 1.1.9 2 2 2h8c1.1 0 2-.9 2-2V7H6v12zm2.46-7.12 1.41-1.41L12 12.59l2.12-2.12 1.41 1.41L13.41 14l2.12 2.12-1.41 1.41L12 15.41l-2.12 2.12-1.41-1.41L10.59 14l-2.13-2.12zM15.5 4l-1-1h-5l-1 1H5v2h14V4z"
                          />
                        </svg>
                        <span
                          class="MuiTouchRipple-root css-8je8zh-MuiTouchRipple-root"
                        />
                      </button>
                    </div>
                    <div
                      class="MuiBox-root css-o3707h"
                    >
                      <label>
                        <input
                          aria-invalid="false"
                          data-testid="descrInput"
                          name="descr"
                          size="30"
                          type="text"
                        />
                      </label>
                    </div>
                    <div
                      class="MuiBox-root css-o3707h"
                    />
                    <div
                      class="MuiBox-root css-1m55zth"
                    >
                      <button
                        class="MuiButton-root MuiButton-outlined MuiButton-outlinedPrimary MuiButton-sizeSmall MuiButton-outlinedSizeSmall MuiButtonBase-root Mui-disabled  css-1is3qj5-MuiButtonBase-root-MuiButton-root"
                        disabled=""
                        tabindex="-1"
                        type="button"
                      >
                        Reset
                      </button>
                      <button
                        class="MuiButton-root MuiButton-contained MuiButton-containedPrimary MuiButton-sizeSmall MuiButton-containedSizeSmall MuiButtonBase-root Mui-disabled  css-106f7v8-MuiButtonBase-root-MuiButton-root"
                        disabled=""
                        tabindex="-1"
                        type="submit"
                      >
                        Save
                      </button>
                    </div>
                  </form>
                </div>
              </div>
            </div>
            <div
              class="MuiBox-root css-c98n24"
            >
              <div
                class="MuiPaper-root MuiPaper-elevation MuiPaper-rounded MuiPaper-elevation1 MuiCard-root css-1gyd2pn-MuiPaper-root-MuiCard-root"
                style="margin: 3px 0px 0px 0px; max-width: 350px; min-width: 350px; flex: 1 1; box-shadow: -5px 5px 12px #888888; border-radius: 0 0 5px 5px;"
              >
                <div
                  class="MuiBox-root css-0"
                >
                  <form>
                    <div
                      class="MuiBox-root css-2cmwy2"
                    >
                      <h6
                        class="MuiTypography-root MuiTypography-h6 css-2ulfj5-MuiTypography-root"
                      >
                        <span>
                          New Schedule (group 
                          
                          )
                        </span>
                      </h6>
                      <button
                        class="MuiButtonBase-root MuiIconButton-root MuiIconButton-sizeSmall css-8prnfn-MuiButtonBase-root-MuiIconButton-root"
                        data-testid="cancel"
                        tabindex="0"
                        type="button"
                      >
                        X
                        <span
                          class="MuiTouchRipple-root css-8je8zh-MuiTouchRipple-root"
                        />
                      </button>
                    </div>
                    <div
                      class="MuiBox-root css-i9gxme"
                    >
                      <div
                        class="MuiGrid-root MuiGrid-container MuiGrid-spacing-xs-2 css-mhc70k-MuiGrid-root"
                      >
                        <div
                          class="MuiGrid-root MuiGrid-item MuiGrid-grid-xs-5 css-k3f0g4-MuiGrid-root"
                        >
                          <div
                            class="MuiBox-root css-4ap01w"
                          >
                            <div
                              aria-invalid="false"
                              class="MuiFormControl-root MuiTextField-root css-1u3bzj6-MuiFormControl-root-MuiTextField-root"
                            >
                              <label
                                class="MuiInputLabel-root MuiInputLabel-formControl MuiInputLabel-animated MuiInputLabel-sizeSmall MuiInputLabel-outlined MuiFormLabel-root MuiFormLabel-colorPrimary css-pip3qv-MuiFormLabel-root-MuiInputLabel-root"
                                data-shrink="false"
                                for="mui-1"
                                id="mui-1-label"
                              >
                                Name
                              </label>
                              <div
                                class="MuiOutlinedInput-root MuiInputBase-root MuiInputBase-colorPrimary MuiInputBase-formControl MuiInputBase-sizeSmall css-px39cz-MuiInputBase-root-MuiOutlinedInput-root"
                              >
                                <input
                                  aria-invalid="false"
                                  class="MuiOutlinedInput-input MuiInputBase-input MuiInputBase-inputSizeSmall css-myb2s4-MuiInputBase-input-MuiOutlinedInput-input"
                                  id="mui-1"
                                  name="schedName"
                                  type="text"
                                  value=""
                                />
                                <fieldset
                                  aria-hidden="true"
                                  class="MuiOutlinedInput-notchedOutline css-9425fu-MuiOutlinedInput-notchedOutline"
                                >
                                  <legend
                                    class="css-1ftyaf0"
                                  >
                                    <span>
                                      Name
                                    </span>
                                  </legend>
                                </fieldset>
                              </div>
                            </div>
                          </div>
                          <div
                            class="MuiBox-root css-cfrdb"
                          >
                            <div
                              aria-invalid="false"
                              class="MuiFormControl-root MuiTextField-root css-1u3bzj6-MuiFormControl-root-MuiTextField-root"
                            >
                              <label
                                class="MuiInputLabel-root MuiInputLabel-formControl MuiInputLabel-animated MuiInputLabel-shrink MuiInputLabel-sizeSmall MuiInputLabel-outlined MuiFormLabel-root MuiFormLabel-colorPrimary MuiFormLabel-filled css-1yl10x9-MuiFormLabel-root-MuiInputLabel-root"
                                data-shrink="true"
                                for="mui-2"
                                id="mui-2-label"
                              >
                                Button Label
                              </label>
                              <div
                                class="MuiOutlinedInput-root MuiInputBase-root MuiInputBase-colorPrimary MuiInputBase-formControl MuiInputBase-sizeSmall css-px39cz-MuiInputBase-root-MuiOutlinedInput-root"
                              >
                                <input
                                  aria-invalid="false"
                                  class="MuiOutlinedInput-input MuiInputBase-input MuiInputBase-inputSizeSmall css-myb2s4-MuiInputBase-input-MuiOutlinedInput-input"
                                  data-testid="buttonInput"
                                  id="mui-2"
                                  name="buttonName"
                                  type="text"
                                  value=""
                                />
                                <fieldset
                                  aria-hidden="true"
                                  class="MuiOutlinedInput-notchedOutline css-9425fu-MuiOutlinedInput-notchedOutline"
                                >
                                  <legend
                                    class="css-1in441m"
                                  >
                                    <span>
                                      Button Label
                                    </span>
                                  </legend>
                                </fieldset>
                              </div>
                            </div>
                            <div
                              class="MuiBox-root css-11jpsyv"
                            >
                              <button
                                class="MuiButtonBase-root MuiIconButton-root MuiIconButton-sizeSmall css-8prnfn-MuiButtonBase-root-MuiIconButton-root"
                                tabindex="0"
                                type="button"
                              >
                                X
                                <span
                                  class="MuiTouchRipple-root css-8je8zh-MuiTouchRipple-root"
                                />
                              </button>
                            </div>
                          </div>
                          <div
                            class="MuiBox-root css-eh46gm"
                          >
                            <div
                              class="MuiBox-root css-oj9im3"
                            >
                              <span
                                class="MuiTypography-root MuiTypography-caption css-182493g-MuiTypography-root"
                              >
                                 
                                Button
                                 
                              </span>
                            </div>
                            <div
                              class="MuiBox-root css-1f9hj5x"
                            >
                              <span>
                                Complex
                              </span>
                            </div>
                          </div>
                        </div>
                        <div
                          class="MuiGrid-root MuiGrid-item MuiGrid-grid-xs-7 css-uqwprf-MuiGrid-root"
                        >
                          <div
                            class="MuiBox-root css-gms5u9"
                          >
                            <div
                              aria-invalid="false"
                              class="MuiFormControl-root MuiFormControl-fullWidth MuiTextField-root css-wb57ya-MuiFormControl-root-MuiTextField-root"
                            >
                              <label
                                class="MuiInputLabel-root MuiInputLabel-formControl MuiInputLabel-animated MuiInputLabel-shrink MuiInputLabel-sizeSmall MuiInputLabel-outlined MuiFormLabel-root MuiFormLabel-colorPrimary css-1yl10x9-MuiFormLabel-root-MuiInputLabel-root"
                                data-shrink="true"
                                for="mui-3"
                                id="mui-3-label"
                              >
                                Summary
                              </label>
                              <div
                                class="MuiOutlinedInput-root MuiInputBase-root MuiInputBase-colorPrimary MuiInputBase-fullWidth MuiInputBase-formControl MuiInputBase-sizeSmall css-14t01uy-MuiInputBase-root-MuiOutlinedInput-root"
                              >
                                <input
                                  aria-invalid="false"
                                  class="MuiOutlinedInput-input MuiInputBase-input MuiInputBase-inputSizeSmall css-myb2s4-MuiInputBase-input-MuiOutlinedInput-input"
                                  data-testid="descrInput"
                                  id="mui-3"
                                  name="descr"
                                  type="text"
                                  value=""
                                />
                                <fieldset
                                  aria-hidden="true"
                                  class="MuiOutlinedInput-notchedOutline css-9425fu-MuiOutlinedInput-notchedOutline"
                                >
                                  <legend
                                    class="css-1in441m"
                                  >
                                    <span>
                                      Summary
                                    </span>
                                  </legend>
                                </fieldset>
                              </div>
                            </div>
                          </div>
                        </div>
                        <div
                          class="MuiGrid-root MuiGrid-item MuiGrid-grid-xs-4 css-gj1fbr-MuiGrid-root"
                        >
                          <div
                            class="MuiBox-root css-1dofph6"
                          >
                            <div
                              class="MuiBox-root css-1bmxsqd"
                            >
                              <span
                                class="MuiTypography-root MuiTypography-caption css-182493g-MuiTypography-root"
                              >
                                 
                                Start Settings
                                 
                              </span>
                            </div>
                            <div
                              class="MuiBox-root css-70qvj9"
                            >
                              <p
                                class="MuiTypography-root MuiTypography-body2 css-e784if-MuiTypography-root"
                              >
                                <span>
                                   (complex) 
                                </span>
                              </p>
                              <button
                                class="MuiButtonBase-root MuiIconButton-root MuiIconButton-sizeSmall css-8prnfn-MuiButtonBase-root-MuiIconButton-root"
                                tabindex="0"
                                type="button"
                              >
                                <svg
                                  aria-hidden="true"
                                  class="MuiSvgIcon-root MuiSvgIcon-fontSizeMedium css-1vqgfli-MuiSvgIcon-root"
                                  data-testid="EditIcon"
                                  focusable="false"
                                  viewBox="0 0 24 24"
                                >
                                  <path
                                    d="M3 17.25V21h3.75L17.81 9.94l-3.75-3.75L3 17.25zM20.71 7.04c.39-.39.39-1.02 0-1.41l-2.34-2.34a.9959.9959 0 0 0-1.41 0l-1.83 1.83 3.75 3.75 1.83-1.83z"
                                  />
                                </svg>
                                <span
                                  class="MuiTouchRipple-root css-8je8zh-MuiTouchRipple-root"
                                />
                              </button>
                            </div>
                          </div>
                        </div>
                        <div
                          class="MuiGrid-root MuiGrid-item MuiGrid-grid-xs-4 css-gj1fbr-MuiGrid-root"
                        >
                          <div
                            class="MuiBox-root css-1s9775"
                          >
                            <div
                              class="MuiBox-root css-1bmxsqd"
                            >
                              <span
                                class="MuiTypography-root MuiTypography-caption css-182493g-MuiTypography-root"
                              >
                                 
                                Clock
                                 
                              </span>
                            </div>
                            <div
                              class="MuiBox-root css-70qvj9"
                            >
                              <p
                                class="MuiTypography-root MuiTypography-body2 css-e784if-MuiTypography-root"
                              >
                                <span>
                                  (default)
                                </span>
                              </p>
                              <button
                                class="MuiButtonBase-root MuiIconButton-root MuiIconButton-sizeSmall css-8prnfn-MuiButtonBase-root-MuiIconButton-root"
                                tabindex="0"
                                type="button"
                              >
                                <svg
                                  aria-hidden="true"
                                  class="MuiSvgIcon-root MuiSvgIcon-fontSizeMedium css-1vqgfli-MuiSvgIcon-root"
                                  data-testid="EditIcon"
                                  focusable="false"
                                  viewBox="0 0 24 24"
                                >
                                  <path
                                    d="M3 17.25V21h3.75L17.81 9.94l-3.75-3.75L3 17.25zM20.71 7.04c.39-.39.39-1.02 0-1.41l-2.34-2.34a.9959.9959 0 0 0-1.41 0l-1.83 1.83 3.75 3.75 1.83-1.83z"
                                  />
                                </svg>
                                <span
                                  class="MuiTouchRipple-root css-8je8zh-MuiTouchRipple-root"
                                />
                              </button>
                            </div>
                          </div>
                        </div>
                        <div
                          class="MuiGrid-root MuiGrid-item MuiGrid-grid-xs-4 css-gj1fbr-MuiGrid-root"
                        >
                          <div
                            class="MuiBox-root css-1s27nta"
                          >
                            <div
                              class="MuiBox-root css-1bmxsqd"
                            >
                              <span
                                class="MuiTypography-root MuiTypography-caption css-182493g-MuiTypography-root"
                              >
                                 
                                End Settings
                                 
                              </span>
                            </div>
                            <div
                              class="MuiBox-root css-70qvj9"
                            >
                              <p
                                class="MuiTypography-root MuiTypography-body2 css-e784if-MuiTypography-root"
                              >
                                <span>
                                  none
                                </span>
                              </p>
                              <button
                                class="MuiButtonBase-root MuiIconButton-root MuiIconButton-sizeSmall css-8prnfn-MuiButtonBase-root-MuiIconButton-root"
                                tabindex="0"
                                type="button"
                              >
                                <svg
                                  aria-hidden="true"
                                  class="MuiSvgIcon-root MuiSvgIcon-fontSizeMedium css-1vqgfli-MuiSvgIcon-root"
                                  data-testid="EditIcon"
                                  focusable="false"
                                  viewBox="0 0 24 24"
                                >
                                  <path
                                    d="M3 17.25V21h3.75L17.81 9.94l-3.75-3.75L3 17.25zM20.71 7.04c.39-.39.39-1.02 0-1.41l-2.34-2.34a.9959.9959 0 0 0-1.41 0l-1.83 1.83 3.75 3.75 1.83-1.83z"
                                  />
                                </svg>
                                <span
                                  class="MuiTouchRipple-root css-8je8zh-MuiTouchRipple-root"
                                />
                              </button>
                            </div>
                          </div>
                        </div>
                        <div
                          class="MuiGrid-root MuiGrid-item MuiGrid-grid-xs-12 css-1ptpg7m-MuiGrid-root"
                        >
                          <div
                            class="MuiBox-root css-nor5iy"
                          >
                            <div
                              aria-invalid="false"
                              class="MuiFormControl-root MuiFormControl-fullWidth MuiTextField-root css-wb57ya-MuiFormControl-root-MuiTextField-root"
                            >
                              <label
                                class="MuiInputLabel-root MuiInputLabel-formControl MuiInputLabel-animated MuiInputLabel-shrink MuiInputLabel-sizeSmall MuiInputLabel-outlined MuiFormLabel-root MuiFormLabel-colorPrimary MuiFormLabel-filled css-1yl10x9-MuiFormLabel-root-MuiInputLabel-root"
                                data-shrink="true"
                                for="mui-4"
                                id="mui-4-label"
                              >
                                Schedule Start
                              </label>
                              <div
                                class="MuiOutlinedInput-root MuiInputBase-root MuiInputBase-colorPrimary MuiInputBase-fullWidth MuiInputBase-formControl MuiInputBase-sizeSmall css-14t01uy-MuiInputBase-root-MuiOutlinedInput-root"
                              >
                                <input
                                  aria-invalid="false"
                                  class="MuiOutlinedInput-input MuiInputBase-input MuiInputBase-inputSizeSmall css-myb2s4-MuiInputBase-input-MuiOutlinedInput-input"
                                  data-testid="beginsInput"
                                  id="mui-4"
                                  name="begins"
                                  type="text"
                                  value=""
                                />
                                <fieldset
                                  aria-hidden="true"
                                  class="MuiOutlinedInput-notchedOutline css-9425fu-MuiOutlinedInput-notchedOutline"
                                >
                                  <legend
                                    class="css-1in441m"
                                  >
                                    <span>
                                      Schedule Start
                                    </span>
                                  </legend>
                                </fieldset>
                              </div>
                            </div>
                            <div
                              class="MuiBox-root css-11jpsyv"
                            >
                              <button
                                class="MuiButtonBase-root MuiIconButton-root MuiIconButton-sizeSmall css-8prnfn-MuiButtonBase-root-MuiIconButton-root"
                                tabindex="0"
                                type="button"
                              >
                                X
                                <span
                                  class="MuiTouchRipple-root css-8je8zh-MuiTouchRipple-root"
                                />
                              </button>
                            </div>
                          </div>
                          <div
                            class="MuiBox-root css-hhy13k"
                          />
                        </div>
                        <div
                          class="MuiGrid-root MuiGrid-item MuiGrid-grid-xs-12 css-1ptpg7m-MuiGrid-root"
                        >
                          <div
                            class="MuiBox-root css-4ap01w"
                          >
                            <div
                              aria-invalid="false"
                              class="MuiFormControl-root MuiTextField-root css-1u3bzj6-MuiFormControl-root-MuiTextField-root"
                            >
                              <label
                                class="MuiInputLabel-root MuiInputLabel-formControl MuiInputLabel-animated MuiInputLabel-sizeSmall MuiInputLabel-outlined MuiFormLabel-root MuiFormLabel-colorPrimary css-pip3qv-MuiFormLabel-root-MuiInputLabel-root"
                                data-shrink="false"
                                for="mui-5"
                                id="mui-5-label"
                              >
                                Clock
                              </label>
                              <div
                                class="MuiOutlinedInput-root MuiInputBase-root MuiInputBase-colorPrimary MuiInputBase-formControl MuiInputBase-sizeSmall css-px39cz-MuiInputBase-root-MuiOutlinedInput-root"
                              >
                                <input
                                  aria-invalid="false"
                                  class="MuiOutlinedInput-input MuiInputBase-input MuiInputBase-inputSizeSmall css-myb2s4-MuiInputBase-input-MuiOutlinedInput-input"
                                  data-testid="clockInput"
                                  id="mui-5"
                                  name="clock"
                                  type="text"
                                  value=""
                                />
                                <fieldset
                                  aria-hidden="true"
                                  class="MuiOutlinedInput-notchedOutline css-9425fu-MuiOutlinedInput-notchedOutline"
                                >
                                  <legend
                                    class="css-1ftyaf0"
                                  >
                                    <span>
                                      Clock
                                    </span>
                                  </legend>
                                </fieldset>
                              </div>
                            </div>
                            <div
                              class="MuiBox-root css-11jpsyv"
                            >
                              <button
                                class="MuiButtonBase-root MuiIconButton-root MuiIconButton-sizeSmall css-8prnfn-MuiButtonBase-root-MuiIconButton-root"
                                tabindex="0"
                                type="button"
                              >
                                X
                                <span
                                  class="MuiTouchRipple-root css-8je8zh-MuiTouchRipple-root"
                                />
                              </button>
                            </div>
                          </div>
                          <div
                            class="MuiBox-root css-hhy13k"
                          />
                        </div>
                        <div
                          class="MuiGrid-root MuiGrid-item MuiGrid-grid-xs-12 css-1ptpg7m-MuiGrid-root"
                        >
                          <div
                            class="MuiBox-root css-4ap01w"
                          >
                            <div
                              aria-invalid="false"
                              class="MuiFormControl-root MuiFormControl-fullWidth MuiTextField-root css-wb57ya-MuiFormControl-root-MuiTextField-root"
                            >
                              <label
                                class="MuiInputLabel-root MuiInputLabel-formControl MuiInputLabel-animated MuiInputLabel-sizeSmall MuiInputLabel-outlined MuiFormLabel-root MuiFormLabel-colorPrimary css-pip3qv-MuiFormLabel-root-MuiInputLabel-root"
                                data-shrink="false"
                                for="mui-6"
                                id="mui-6-label"
                              >
                                Schedule Chain
                              </label>
                              <div
                                class="MuiOutlinedInput-root MuiInputBase-root MuiInputBase-colorPrimary MuiInputBase-fullWidth MuiInputBase-formControl MuiInputBase-sizeSmall css-14t01uy-MuiInputBase-root-MuiOutlinedInput-root"
                              >
                                <input
                                  aria-invalid="false"
                                  class="MuiOutlinedInput-input MuiInputBase-input MuiInputBase-inputSizeSmall css-myb2s4-MuiInputBase-input-MuiOutlinedInput-input"
                                  data-testid="chainInput"
                                  id="mui-6"
                                  name="chain"
                                  type="text"
                                  value=""
                                />
                                <fieldset
                                  aria-hidden="true"
                                  class="MuiOutlinedInput-notchedOutline css-9425fu-MuiOutlinedInput-notchedOutline"
                                >
                                  <legend
                                    class="css-1ftyaf0"
                                  >
                                    <span>
                                      Schedule Chain
                                    </span>
                                  </legend>
                                </fieldset>
                              </div>
                            </div>
                            <div
                              class="MuiBox-root css-11jpsyv"
                            >
                              <button
                                class="MuiButtonBase-root MuiIconButton-root MuiIconButton-sizeSmall css-8prnfn-MuiButtonBase-root-MuiIconButton-root"
                                tabindex="0"
                                type="button"
                              >
                                X
                                <span
                                  class="MuiTouchRipple-root css-8je8zh-MuiTouchRipple-root"
                                />
                              </button>
                            </div>
                          </div>
                        </div>
                        <div
                          class="MuiGrid-root MuiGrid-item MuiGrid-grid-xs-12 css-1idn90j-MuiGrid-root"
                        >
                          <div
                            class="MuiBox-root css-141h5rh"
                          >
                            Event Defaults
                          </div>
                        </div>
                        <div
                          class="MuiGrid-root MuiGrid-item MuiGrid-grid-xs-8 css-vok43g-MuiGrid-root"
                        >
                          <div
                            class="MuiBox-root css-1ozu5o9"
                          >
                            <div
                              aria-invalid="false"
                              class="MuiFormControl-root MuiFormControl-fullWidth MuiTextField-root css-wb57ya-MuiFormControl-root-MuiTextField-root"
                            >
                              <label
                                class="MuiInputLabel-root MuiInputLabel-formControl MuiInputLabel-animated MuiInputLabel-shrink MuiInputLabel-sizeSmall MuiInputLabel-outlined MuiFormLabel-root MuiFormLabel-colorPrimary MuiFormLabel-filled css-1yl10x9-MuiFormLabel-root-MuiInputLabel-root"
                                data-shrink="true"
                                for="mui-7"
                                id="mui-7-label"
                              >
                                Sound
                              </label>
                              <div
                                class="MuiOutlinedInput-root MuiInputBase-root MuiInputBase-colorPrimary MuiInputBase-fullWidth MuiInputBase-formControl MuiInputBase-sizeSmall css-14t01uy-MuiInputBase-root-MuiOutlinedInput-root"
                              >
                                <input
                                  aria-invalid="false"
                                  class="MuiOutlinedInput-input MuiInputBase-input MuiInputBase-inputSizeSmall css-myb2s4-MuiInputBase-input-MuiOutlinedInput-input"
                                  data-testid="soundInput"
                                  id="mui-7"
                                  name="sound"
                                  type="text"
                                  value=""
                                />
                                <fieldset
                                  aria-hidden="true"
                                  class="MuiOutlinedInput-notchedOutline css-9425fu-MuiOutlinedInput-notchedOutline"
                                >
                                  <legend
                                    class="css-1in441m"
                                  >
                                    <span>
                                      Sound
                                    </span>
                                  </legend>
                                </fieldset>
                              </div>
                            </div>
                          </div>
                        </div>
                        <div
                          class="MuiGrid-root MuiGrid-item MuiGrid-grid-xs-4 css-gj1fbr-MuiGrid-root"
                        >
                          <div
                            class="MuiBox-root css-1ozu5o9"
                          >
                            <div
                              aria-invalid="false"
                              class="MuiFormControl-root MuiFormControl-fullWidth MuiTextField-root css-wb57ya-MuiFormControl-root-MuiTextField-root"
                            >
                              <label
                                class="MuiInputLabel-root MuiInputLabel-formControl MuiInputLabel-animated MuiInputLabel-shrink MuiInputLabel-sizeSmall MuiInputLabel-outlined MuiFormLabel-root MuiFormLabel-colorPrimary MuiFormLabel-filled css-1yl10x9-MuiFormLabel-root-MuiInputLabel-root"
                                data-shrink="true"
                                for="mui-8"
                                id="mui-8-label"
                              >
                                Sound
                              </label>
                              <div
                                class="MuiOutlinedInput-root MuiInputBase-root MuiInputBase-colorPrimary MuiInputBase-fullWidth MuiInputBase-formControl MuiInputBase-sizeSmall css-14t01uy-MuiInputBase-root-MuiOutlinedInput-root"
                              >
                                <input
                                  aria-invalid="false"
                                  class="MuiOutlinedInput-input MuiInputBase-input MuiInputBase-inputSizeSmall css-myb2s4-MuiInputBase-input-MuiOutlinedInput-input"
                                  data-testid="soundRepeatInput"
                                  id="mui-8"
                                  name="soundrepeat"
                                  type="text"
                                  value=""
                                />
                                <fieldset
                                  aria-hidden="true"
                                  class="MuiOutlinedInput-notchedOutline css-9425fu-MuiOutlinedInput-notchedOutline"
                                >
                                  <legend
                                    class="css-1in441m"
                                  >
                                    <span>
                                      Sound
                                    </span>
                                  </legend>
                                </fieldset>
                              </div>
                            </div>
                          </div>
                        </div>
                        <div
                          class="MuiGrid-root MuiGrid-item MuiGrid-grid-xs-8 css-vok43g-MuiGrid-root"
                        >
                          <div
                            class="MuiBox-root css-1ozu5o9"
                          >
                            <div
                              aria-invalid="false"
                              class="MuiFormControl-root MuiTextField-root css-1u3bzj6-MuiFormControl-root-MuiTextField-root"
                            >
                              <label
                                class="MuiInputLabel-root MuiInputLabel-formControl MuiInputLabel-animated MuiInputLabel-shrink MuiInputLabel-sizeSmall MuiInputLabel-outlined MuiFormLabel-root MuiFormLabel-colorPrimary MuiFormLabel-filled css-1yl10x9-MuiFormLabel-root-MuiInputLabel-root"
                                data-shrink="true"
                                for="mui-9"
                                id="mui-9-label"
                              >
                                Warning
                              </label>
                              <div
                                class="MuiOutlinedInput-root MuiInputBase-root MuiInputBase-colorPrimary MuiInputBase-formControl MuiInputBase-sizeSmall css-px39cz-MuiInputBase-root-MuiOutlinedInput-root"
                              >
                                <input
                                  aria-invalid="false"
                                  class="MuiOutlinedInput-input MuiInputBase-input MuiInputBase-inputSizeSmall css-myb2s4-MuiInputBase-input-MuiOutlinedInput-input"
                                  data-testid="warnInput"
                                  id="mui-9"
                                  name="warn"
                                  type="text"
                                  value=""
                                />
                                <fieldset
                                  aria-hidden="true"
                                  class="MuiOutlinedInput-notchedOutline css-9425fu-MuiOutlinedInput-notchedOutline"
                                >
                                  <legend
                                    class="css-1in441m"
                                  >
                                    <span>
                                      Warning
                                    </span>
                                  </legend>
                                </fieldset>
                              </div>
                            </div>
                          </div>
                        </div>
                      </div>
                    </div>
                    <div
                      class="MuiBox-root css-1m55zth"
                    >
                      <button
                        class="MuiButton-root MuiButton-outlined MuiButton-outlinedPrimary MuiButton-sizeSmall MuiButton-outlinedSizeSmall MuiButtonBase-root Mui-disabled  css-1is3qj5-MuiButtonBase-root-MuiButton-root"
                        disabled=""
                        tabindex="-1"
                        type="button"
                      >
                        Reset
                      </button>
                      <button
                        class="MuiButton-root MuiButton-contained MuiButton-containedPrimary MuiButton-sizeSmall MuiButton-containedSizeSmall MuiButtonBase-root Mui-disabled  css-106f7v8-MuiButtonBase-root-MuiButton-root"
                        disabled=""
                        tabindex="-1"
                        type="submit"
                      >
                        Save
                      </button>
                    </div>
                  </form>
                  <div
                    class="MuiBox-root css-soic1s"
                  >
                    <span>
                      Events (
                      0
                      ) 
                    </span>
                    <button
                      class="MuiButton-root MuiButton-outlined MuiButton-outlinedPrimary MuiButton-sizeSmall MuiButton-outlinedSizeSmall MuiButtonBase-root  css-1is3qj5-MuiButtonBase-root-MuiButton-root"
                      tabindex="0"
                      type="button"
                    >
                      Add Event
                      <span
                        class="MuiTouchRipple-root css-8je8zh-MuiTouchRipple-root"
                      />
                    </button>
                  </div>
                  <div
                    class="MuiBox-root css-1hyfx7x"
                  >
                    <div
                      class="MuiPaper-root MuiPaper-elevation MuiPaper-rounded MuiPaper-elevation1 MuiCard-root css-1gyd2pn-MuiPaper-root-MuiCard-root"
                      style="margin-top: 3px; max-width: 350px; min-width: 350px; flex: 1 1; box-shadow: -5px 5px 12px #888888; border-radius: 0 0 5px 5px;"
                    >
                      <div
                        class="MuiBox-root css-ibnnmb"
                      >
                        <form>
                          <div
                            class="MuiBox-root css-h9yv4t"
                          >
                            <h6
                              class="MuiTypography-root MuiTypography-h6 css-2ulfj5-MuiTypography-root"
                            >
                              Connect Event
                            </h6>
                          </div>
                          <div
                            class="MuiBox-root css-1l4w6pd"
                          >
                            <div
                              class="MuiAutocomplete-root MuiAutocomplete-hasPopupIcon css-viou3o-MuiAutocomplete-root"
                              data-testid="taskid"
                            >
                              <div
                                aria-invalid="false"
                                class="MuiFormControl-root MuiFormControl-fullWidth MuiTextField-root css-wb57ya-MuiFormControl-root-MuiTextField-root"
                              >
                                <label
                                  class="MuiInputLabel-root MuiInputLabel-formControl MuiInputLabel-animated MuiInputLabel-outlined MuiFormLabel-root MuiFormLabel-colorPrimary css-rb5gc9-MuiFormLabel-root-MuiInputLabel-root"
                                  data-shrink="false"
                                  for="taskid"
                                  id="taskid-label"
                                >
                                  Event Name
                                </label>
                                <div
                                  class="MuiOutlinedInput-root MuiInputBase-root MuiInputBase-colorPrimary MuiInputBase-fullWidth MuiInputBase-formControl MuiInputBase-adornedEnd MuiAutocomplete-inputRoot css-1jgdtkb-MuiInputBase-root-MuiOutlinedInput-root"
                                >
                                  <input
                                    aria-autocomplete="list"
                                    aria-expanded="false"
                                    aria-invalid="false"
                                    autocapitalize="none"
                                    autocomplete="off"
                                    class="MuiOutlinedInput-input MuiInputBase-input MuiInputBase-inputAdornedEnd MuiAutocomplete-input MuiAutocomplete-inputFocused css-1h9uykw-MuiInputBase-input-MuiOutlinedInput-input"
                                    id="taskid"
                                    name="taskid"
                                    role="combobox"
                                    spellcheck="false"
                                    type="text"
                                    value=""
                                  />
                                  <div
                                    class="MuiAutocomplete-endAdornment css-1q60rmi-MuiAutocomplete-endAdornment"
                                  >
                                    <button
                                      aria-label="Open"
                                      class="MuiButtonBase-root MuiIconButton-root MuiIconButton-sizeMedium MuiAutocomplete-popupIndicator css-1ciwbrp-MuiButtonBase-root-MuiIconButton-root-MuiAutocomplete-popupIndicator"
                                      tabindex="-1"
                                      title="Open"
                                      type="button"
                                    >
                                      <svg
                                        aria-hidden="true"
                                        class="MuiSvgIcon-root MuiSvgIcon-fontSizeMedium css-i4bv87-MuiSvgIcon-root"
                                        data-testid="ArrowDropDownIcon"
                                        focusable="false"
                                        viewBox="0 0 24 24"
                                      >
                                        <path
                                          d="M7 10l5 5 5-5z"
                                        />
                                      </svg>
                                      <span
                                        class="MuiTouchRipple-root css-8je8zh-MuiTouchRipple-root"
                                      />
                                    </button>
                                  </div>
                                  <fieldset
                                    aria-hidden="true"
                                    class="MuiOutlinedInput-notchedOutline css-9425fu-MuiOutlinedInput-notchedOutline"
                                  >
                                    <legend
                                      class="css-1ftyaf0"
                                    >
                                      <span>
                                        Event Name
                                      </span>
                                    </legend>
                                  </fieldset>
                                </div>
                              </div>
                            </div>
                          </div>
                          <div
                            class="MuiBox-root css-1csj9ua"
                          >
                            <button
                              class="MuiButton-root MuiButton-outlined MuiButton-outlinedError MuiButton-sizeSmall MuiButton-outlinedSizeSmall MuiButtonBase-root  css-78wnmy-MuiButtonBase-root-MuiButton-root"
                              tabindex="0"
                              type="button"
                            >
                              Cancel
                              <span
                                class="MuiTouchRipple-root css-8je8zh-MuiTouchRipple-root"
                              />
                            </button>
                            <button
                              class="MuiButton-root MuiButton-outlined MuiButton-outlinedPrimary MuiButton-sizeSmall MuiButton-outlinedSizeSmall MuiButtonBase-root  css-1is3qj5-MuiButtonBase-root-MuiButton-root"
                              tabindex="0"
                              type="button"
                            >
                              Reset
                              <span
                                class="MuiTouchRipple-root css-8je8zh-MuiTouchRipple-root"
                              />
                            </button>
                            <button
                              class="MuiButton-root MuiButton-contained MuiButton-containedPrimary MuiButton-sizeSmall MuiButton-containedSizeSmall MuiButtonBase-root  css-106f7v8-MuiButtonBase-root-MuiButton-root"
                              tabindex="0"
                              type="submit"
                            >
                              Save
                              <span
                                class="MuiTouchRipple-root css-8je8zh-MuiTouchRipple-root"
                              />
                            </button>
                          </div>
                        </form>
                      </div>
                    </div>
                  </div>
                </div>
              </div>
            </div>
          </div>
          <div
            aria-hidden="true"
            class="MuiBackdrop-root css-1178cxv-MuiBackdrop-root"
            style="opacity: 0; visibility: hidden;"
          >
            <span
              class="MuiCircularProgress-root MuiCircularProgress-indeterminate MuiCircularProgress-colorInherit css-62e83j-MuiCircularProgress-root"
              data-testid="dataBackdrop"
              role="progressbar"
              style="width: 40px; height: 40px;"
            >
              <svg
                class="MuiCircularProgress-svg css-1idz92c-MuiCircularProgress-svg"
                viewBox="22 22 44 44"
              >
                <circle
                  class="MuiCircularProgress-circle MuiCircularProgress-circleIndeterminate css-176wh8e-MuiCircularProgress-circle"
                  cx="44"
                  cy="44"
                  fill="none"
                  r="20.2"
                  stroke-width="3.6"
                />
              </svg>
            </span>
          </div>
        </div>
      </main>
    </div>
    <footer
      style="padding-top: 40px;"
    >
      <hr
        class="MuiDivider-root MuiDivider-fullWidth css-rr7dug-MuiDivider-root"
      />
      <div
        class="MuiBox-root css-1bnxa12"
      >
        <a
          class="MuiTypography-root MuiTypography-inherit MuiLink-root MuiLink-underlineAlways css-yddyga-MuiTypography-root-MuiLink-root"
          href="/home"
        >
          Home
        </a>
        <a
          class="MuiTypography-root MuiTypography-inherit MuiLink-root MuiLink-underlineAlways css-yddyga-MuiTypography-root-MuiLink-root"
          href="/usermaint"
        >
          Account
        </a>
        <a
          class="MuiTypography-root MuiTypography-inherit MuiLink-root MuiLink-underlineAlways css-yddyga-MuiTypography-root-MuiLink-root"
          href="/scheds"
        >
          Schedules
        </a>
        <a
          class="MuiTypography-root MuiTypography-inherit MuiLink-root MuiLink-underlineAlways css-yddyga-MuiTypography-root-MuiLink-root"
          href="/events"
        >
          Events
        </a>
        <a
          class="MuiTypography-root MuiTypography-inherit MuiLink-root MuiLink-underlineAlways css-yddyga-MuiTypography-root-MuiLink-root"
          href="/help"
        >
          Help
        </a>
      </div>
      <hr
        class="MuiDivider-root MuiDivider-fullWidth css-rr7dug-MuiDivider-root"
      />
      <span
        class="MuiTypography-root MuiTypography-caption css-3merus-MuiTypography-root"
      >
        © 2021-
        2022
        , Werner Digital Technology Inc
      </span>
    </footer>
  </div>
</div>
`;
