// Jest Snapshot v1, https://goo.gl/fbAQLP

exports[`SetupStep2Page renders snapshot correctly 1`] = `
<amplify-authenticator>
  <div
    style="text-align: center;"
  >
    <div
      style="margin: 1rem auto; min-height: 100vh; background-color: rgb(238, 238, 238); text-align: left;"
    >
      <div>
        <header
          class="MuiPaper-root MuiPaper-elevation MuiPaper-elevation0 MuiAppBar-root MuiAppBar-colorPrimary MuiAppBar-positionFixed mui-fixed css-1hc7nu0-MuiPaper-root-MuiAppBar-root"
          style="height: 54px; box-shadow: 0 1px 20px #000000; border-radius: 0 0 5px 5px;"
        >
          <div
            class="MuiToolbar-root MuiToolbar-gutters MuiToolbar-regular css-1kf0d50-MuiToolbar-root"
          >
            <button
              aria-label="Open menu"
              class="MuiButtonBase-root MuiIconButton-root MuiIconButton-edgeStart MuiIconButton-sizeMedium css-9sors8-MuiButtonBase-root-MuiIconButton-root"
              tabindex="0"
              type="button"
            >
              <svg
                height="40"
                viewBox="0 0 100 80"
                width="40"
              >
                <rect
                  height="10"
                  width="80"
                  x="10"
                  y="10"
                />
                <rect
                  height="10"
                  width="80"
                  x="10"
                  y="30"
                />
                <rect
                  height="10"
                  width="80"
                  x="10"
                  y="50"
                />
              </svg>
              <span
                class="MuiTouchRipple-root css-8je8zh-MuiTouchRipple-root"
              />
            </button>
            <a
              href="/home"
            >
              <div
                class="MuiBox-root css-k008qs"
              >
                <img
                  alt="Werner Digital"
                  src="../images/wernerdigital-hosted.png"
                  width="26"
                />
                <p
                  class="MuiTypography-root MuiTypography-body1 css-ahj2mt-MuiTypography-root"
                >
                  Scottschedule
                </p>
              </div>
            </a>
            <div
              class="MuiBox-root css-1r3535z"
            >
              <a
                href="/usermaint"
                style="margin-right: 1em;"
              >
                <p
                  class="MuiTypography-root MuiTypography-body1 css-ahj2mt-MuiTypography-root"
                >
                  mockuname
                </p>
              </a>
              <button
                class="MuiButton-root MuiButton-outlined MuiButton-outlinedPrimary MuiButton-sizeMedium MuiButton-outlinedSizeMedium MuiButtonBase-root  css-1rwt2y5-MuiButtonBase-root-MuiButton-root"
                tabindex="0"
                type="button"
              >
                Sign Out
                <span
                  class="MuiTouchRipple-root css-8je8zh-MuiTouchRipple-root"
                />
              </button>
            </div>
          </div>
        </header>
        <div
          class="MuiDrawer-root MuiDrawer-docked css-7ik032-MuiDrawer-docked"
        >
          <div
            class="MuiPaper-root MuiPaper-elevation MuiPaper-elevation0 MuiDrawer-paper MuiDrawer-paperAnchorLeft MuiDrawer-paperAnchorDockedLeft css-12i7wg6-MuiPaper-root-MuiDrawer-paper"
            style="visibility: hidden; webkit-transform: translateX(-0px); transform: translateX(-0px);"
          >
            <div
              style="width: 178px; height: 39px; padding: 8px 8px; box-shadow: 0 1px 20px #000000; border-radius: 0 0 5px 5px;"
            >
              <div
                class="MuiBox-root css-xwg089"
              >
                <h6
                  class="MuiTypography-root MuiTypography-subtitle1 css-10wpov9-MuiTypography-root"
                >
                  Main Menu
                </h6>
                <button
                  aria-label="Close menu"
                  class="MuiButtonBase-root MuiIconButton-root MuiIconButton-sizeMedium css-78trlr-MuiButtonBase-root-MuiIconButton-root"
                  tabindex="0"
                  type="button"
                >
                  <svg
                    height="40"
                    viewBox="0 0 100 80"
                    width="40"
                  >
                    <polygon
                      points="70 10,10 35, 70 65"
                    />
                  </svg>
                  <span
                    class="MuiTouchRipple-root css-8je8zh-MuiTouchRipple-root"
                  />
                </button>
              </div>
            </div>
            <hr
              class="MuiDivider-root MuiDivider-fullWidth css-9mgopn-MuiDivider-root"
            />
            <ul
              class="MuiList-root MuiList-padding css-h4y409-MuiList-root"
            >
              <a
                href="/home"
              >
                <div
                  class="MuiButtonBase-root MuiListItem-root MuiListItem-gutters MuiListItem-padding MuiListItem-button css-bshv44-MuiButtonBase-root-MuiListItem-root"
                  role="button"
                  tabindex="0"
                >
                  <div
                    class="MuiListItemIcon-root css-cveggr-MuiListItemIcon-root"
                  >
                    <svg
                      aria-hidden="true"
                      class="MuiSvgIcon-root MuiSvgIcon-fontSizeMedium css-i4bv87-MuiSvgIcon-root"
                      data-testid="HomeIcon"
                      focusable="false"
                      viewBox="0 0 24 24"
                    >
                      <path
                        d="M10 20v-6h4v6h5v-8h3L12 3 2 12h3v8z"
                      />
                    </svg>
                  </div>
                  <div
                    class="MuiListItemText-root css-tlelie-MuiListItemText-root"
                  >
                    <span
                      class="MuiTypography-root MuiTypography-body1 MuiListItemText-primary css-10hburv-MuiTypography-root"
                    >
                      Home
                    </span>
                  </div>
                  <span
                    class="MuiTouchRipple-root css-8je8zh-MuiTouchRipple-root"
                  />
                </div>
              </a>
              <a
                href="/help"
              >
                <div
                  class="MuiButtonBase-root MuiListItem-root MuiListItem-gutters MuiListItem-padding MuiListItem-button css-bshv44-MuiButtonBase-root-MuiListItem-root"
                  role="button"
                  tabindex="0"
                >
                  <div
                    class="MuiListItemIcon-root css-cveggr-MuiListItemIcon-root"
                  >
                    <svg
                      aria-hidden="true"
                      class="MuiSvgIcon-root MuiSvgIcon-fontSizeMedium css-i4bv87-MuiSvgIcon-root"
                      data-testid="StarIcon"
                      focusable="false"
                      viewBox="0 0 24 24"
                    >
                      <path
                        d="M12 17.27 18.18 21l-1.64-7.03L22 9.24l-7.19-.61L12 2 9.19 8.63 2 9.24l5.46 4.73L5.82 21z"
                      />
                    </svg>
                  </div>
                  <div
                    class="MuiListItemText-root css-tlelie-MuiListItemText-root"
                  >
                    <span
                      class="MuiTypography-root MuiTypography-body1 MuiListItemText-primary css-10hburv-MuiTypography-root"
                    >
                      Help
                    </span>
                  </div>
                  <span
                    class="MuiTouchRipple-root css-8je8zh-MuiTouchRipple-root"
                  />
                </div>
              </a>
              <div
                class="MuiButtonBase-root MuiListItem-root MuiListItem-gutters MuiListItem-padding MuiListItem-button css-bshv44-MuiButtonBase-root-MuiListItem-root"
                role="button"
                tabindex="0"
              >
                <div
                  class="MuiListItemIcon-root css-cveggr-MuiListItemIcon-root"
                >
                  <svg
                    aria-hidden="true"
                    class="MuiSvgIcon-root MuiSvgIcon-fontSizeMedium css-i4bv87-MuiSvgIcon-root"
                    data-testid="StarIcon"
                    focusable="false"
                    viewBox="0 0 24 24"
                  >
                    <path
                      d="M12 17.27 18.18 21l-1.64-7.03L22 9.24l-7.19-.61L12 2 9.19 8.63 2 9.24l5.46 4.73L5.82 21z"
                    />
                  </svg>
                </div>
                <div
                  class="MuiListItemText-root css-tlelie-MuiListItemText-root"
                >
                  <span
                    class="MuiTypography-root MuiTypography-body1 MuiListItemText-primary css-10hburv-MuiTypography-root"
                  >
                    Logout
                  </span>
                </div>
                <span
                  class="MuiTouchRipple-root css-8je8zh-MuiTouchRipple-root"
                />
              </div>
            </ul>
          </div>
        </div>
      </div>
      <div
        style="margin: 0px auto; padding: 50px 1.0875rem 1.45rem; max-width: 960px; color: rgb(0, 0, 0);"
      >
        <main>
          <div
            data-testid="mainPageDisplay"
          >
             
            <div
              class="MuiBox-root css-1yp4ln"
            >
              <div
                class="MuiBox-root css-d0uhtl"
              >
                <img
                  alt=""
                  aria-labelledby="page-name"
                  loading="eager"
                  src="../images/wernerdigital-hosted.png"
                  width="160"
                />
              </div>
              <div
                class="MuiBox-root css-1py79td"
              >
                <h1
                  id="page-name"
                >
                  WBench Signup
                </h1>
                <div
                  class="MuiBox-root css-95qj54"
                >
                  <span
                    style="color: rgb(119, 119, 119);"
                  >
                    Step 1: Create account (Done!)
                  </span>
                </div>
                <div
                  class="MuiBox-root css-vx5vr9"
                >
                  Step 2: Please read and accept our 
                  <a
                    href="https://www.wernerdigital.com/terms"
                    style="color: rgb(0, 0, 238); text-decoration: underline;"
                  >
                     Terms of Service 
                  </a>
                  <div
                    class="MuiBox-root css-d0uhtl"
                  >
                    <form>
                      <br />
                       
                      <label
                        aria-label="acceptbox"
                        class="MuiFormControlLabel-root MuiFormControlLabel-labelPlacementEnd css-j204z7-MuiFormControlLabel-root"
                      >
                        <span
                          class="MuiCheckbox-root MuiCheckbox-colorPrimary MuiButtonBase-root MuiCheckbox-root MuiCheckbox-colorPrimary PrivateSwitchBase-root css-12wnr2w-MuiButtonBase-root-MuiCheckbox-root"
                        >
                          <input
                            class="PrivateSwitchBase-input css-1m9pwf3"
                            data-indeterminate="false"
                            name="acceptbox"
                            type="checkbox"
                          />
                          <svg
                            aria-hidden="true"
                            class="MuiSvgIcon-root MuiSvgIcon-fontSizeMedium css-i4bv87-MuiSvgIcon-root"
                            data-testid="CheckBoxOutlineBlankIcon"
                            focusable="false"
                            viewBox="0 0 24 24"
                          >
                            <path
                              d="M19 5v14H5V5h14m0-2H5c-1.1 0-2 .9-2 2v14c0 1.1.9 2 2 2h14c1.1 0 2-.9 2-2V5c0-1.1-.9-2-2-2z"
                            />
                          </svg>
                          <span
                            class="MuiTouchRipple-root css-8je8zh-MuiTouchRipple-root"
                          />
                        </span>
                        <span
                          class="MuiTypography-root MuiTypography-body1 MuiFormControlLabel-label css-ahj2mt-MuiTypography-root"
                        >
                          I accept!
                        </span>
                      </label>
                      <button
                        class="MuiButton-root MuiButton-contained MuiButton-containedPrimary MuiButton-sizeSmall MuiButton-containedSizeSmall MuiButtonBase-root Mui-disabled  css-11qr2p8-MuiButtonBase-root-MuiButton-root"
                        disabled=""
                        tabindex="-1"
                        type="submit"
                      >
                         Submit
                      </button>
                      <br />
                      <br />
                    </form>
                  </div>
                </div>
                <div
                  class="MuiBox-root css-95qj54"
                >
                  Step 3: Build/import schedules (or just run the clocks!)
                </div>
              </div>
            </div>
             
          </div>
           
        </main>
        <footer
          style="padding-top: 40px;"
        >
          <hr
            class="MuiDivider-root MuiDivider-fullWidth css-9mgopn-MuiDivider-root"
          />
          <span
            class="MuiTypography-root MuiTypography-caption css-3merus-MuiTypography-root"
          >
            © 2021-
            2022
            , Werner Digital Technology Inc
          </span>
        </footer>
      </div>
    </div>
  </div>
</amplify-authenticator>
`;
