// Jest Snapshot v1, https://goo.gl/fbAQLP

exports[`schedgrputil - choice (ChoiceSchedGroup) event renders snapshot correctly 1`] = `
<div
  class="MuiFormControl-root MuiFormControl-marginDense MuiTextField-root css-khqvv2-MuiFormControl-root-MuiTextField-root"
>
  <label
    class="MuiInputLabel-root MuiInputLabel-formControl MuiInputLabel-animated MuiInputLabel-shrink MuiInputLabel-sizeSmall MuiInputLabel-outlined MuiFormLabel-root MuiFormLabel-colorPrimary MuiFormLabel-filled css-1sumxir-MuiFormLabel-root-MuiInputLabel-root"
    data-shrink="true"
    for="schedgroup"
    id="schedgroup-label"
  >
    Schedule Group
  </label>
  <div
    class="MuiOutlinedInput-root MuiInputBase-root MuiInputBase-colorPrimary MuiInputBase-formControl MuiInputBase-sizeSmall css-9ddj71-MuiInputBase-root-MuiOutlinedInput-root"
    variant="outlined"
  >
    <div
      aria-expanded="false"
      aria-haspopup="listbox"
      aria-labelledby="schedgroup-label schedgroup"
      class="MuiSelect-select MuiSelect-outlined MuiOutlinedInput-input MuiInputBase-input MuiInputBase-inputSizeSmall css-jedpe8-MuiSelect-select-MuiInputBase-input-MuiOutlinedInput-input"
      id="schedgroup"
      role="button"
      tabindex="0"
    >
      default
    </div>
    <input
      aria-hidden="true"
      class="MuiSelect-nativeInput css-yf8vq0-MuiSelect-nativeInput"
      data-testid="schedgroup"
      tabindex="-1"
      value="default"
    />
    <svg
      aria-hidden="true"
      class="MuiSvgIcon-root MuiSvgIcon-fontSizeMedium MuiSelect-icon MuiSelect-iconOutlined css-hfutr2-MuiSvgIcon-root-MuiSelect-icon"
      data-testid="ArrowDropDownIcon"
      focusable="false"
      viewBox="0 0 24 24"
    >
      <path
        d="M7 10l5 5 5-5z"
      />
    </svg>
    <fieldset
      aria-hidden="true"
      class="MuiOutlinedInput-notchedOutline css-1d3z3hw-MuiOutlinedInput-notchedOutline"
    >
      <legend
        class="css-1in441m"
      >
        <span>
          Schedule Group
        </span>
      </legend>
    </fieldset>
  </div>
</div>
`;
