// Jest Snapshot v1, https://goo.gl/fbAQLP

exports[`schedbuttons renders snapshot correctly 1`] = `
<button
  class="MuiButton-root MuiButton-outlined MuiButton-outlinedPrimary MuiButton-sizeLarge MuiButton-outlinedSizeLarge MuiButtonBase-root  css-9y1egq-MuiButtonBase-root-MuiButton-root"
  tabindex="0"
  type="button"
>
  tstoption
  <span
    class="MuiTouchRipple-root css-8je8zh-MuiTouchRipple-root"
  />
</button>
`;
